2026-07-17 16:04:22,627 - INFO - Starting unified training pipeline
2026-07-17 16:04:22,676 - INFO - Using device: mps
2026-07-17 16:04:22,679 - INFO - Loading embedding model from BAAI/bge-large-en-v1.5
2026-07-17 16:04:23,163 - INFO - HTTP Request: HEAD https://huggingface.co/BAAI/bge-large-en-v1.5/resolve/main/config.json "HTTP/1.1 307 Temporary Redirect"
2026-07-17 16:04:23,166 - WARNING - Warning: You are sending unauthenticated requests to the HF Hub. Please set a HF_TOKEN to enable higher rate limits and faster downloads.
2026-07-17 16:04:23,177 - INFO - HTTP Request: HEAD https://huggingface.co/api/resolve-cache/models/BAAI/bge-large-en-v1.5/d4aa6901d3a41ba39fb536a557fa166f842b0e09/config.json "HTTP/1.1 200 OK"
2026-07-17 16:04:23,414 - INFO - HTTP Request: HEAD https://huggingface.co/BAAI/bge-large-en-v1.5/resolve/main/tokenizer_config.json "HTTP/1.1 307 Temporary Redirect"
2026-07-17 16:04:23,430 - INFO - HTTP Request: HEAD https://huggingface.co/api/resolve-cache/models/BAAI/bge-large-en-v1.5/d4aa6901d3a41ba39fb536a557fa166f842b0e09/tokenizer_config.json "HTTP/1.1 200 OK"
2026-07-17 16:04:23,783 - INFO - HTTP Request: GET https://huggingface.co/api/models/BAAI/bge-large-en-v1.5/tree/main/additional_chat_templates?recursive=false&expand=false "HTTP/1.1 404 Not Found"
2026-07-17 16:04:24,102 - INFO - HTTP Request: GET https://huggingface.co/api/models/BAAI/bge-large-en-v1.5/tree/main?recursive=true&expand=false "HTTP/1.1 200 OK"
2026-07-17 16:04:24,418 - INFO - HTTP Request: HEAD https://huggingface.co/BAAI/bge-large-en-v1.5/resolve/main/config.json "HTTP/1.1 307 Temporary Redirect"
2026-07-17 16:04:24,436 - INFO - HTTP Request: HEAD https://huggingface.co/api/resolve-cache/models/BAAI/bge-large-en-v1.5/d4aa6901d3a41ba39fb536a557fa166f842b0e09/config.json "HTTP/1.1 200 OK"
2026-07-17 16:04:24,682 - INFO - HTTP Request: HEAD https://huggingface.co/BAAI/bge-large-en-v1.5/resolve/main/config.json "HTTP/1.1 307 Temporary Redirect"
2026-07-17 16:04:24,694 - INFO - HTTP Request: HEAD https://huggingface.co/api/resolve-cache/models/BAAI/bge-large-en-v1.5/d4aa6901d3a41ba39fb536a557fa166f842b0e09/config.json "HTTP/1.1 200 OK"
2026-07-17 16:04:24,968 - INFO - Moved FlagModel to mps
2026-07-17 16:04:25,426 - INFO - Stage 1 model: 12599296 parameters
2026-07-17 16:04:25,428 - INFO - Stage 2 model: 27297280 parameters
2026-07-17 16:04:25,430 - INFO - ==================================================
2026-07-17 16:04:25,430 - INFO - STAGE 1: Schema-Aware Representation Learning
2026-07-17 16:04:25,430 - INFO - ==================================================
2026-07-17 16:04:25,430 - INFO - Creating Stage 1 dataset from /Users/suhasreddy/Downloads/URASE/data/train_SAR_SA.json
2026-07-17 16:04:26,023 - INFO - 
Stage 1 - Epoch 1/20
