2026-07-17 16:27:58,803 - INFO - Starting unified training pipeline
2026-07-17 16:27:58,803 - INFO - Using device: cpu
2026-07-17 16:27:58,805 - INFO - Loading embedding model from BAAI/bge-large-en-v1.5
2026-07-17 16:27:59,194 - INFO - HTTP Request: HEAD https://huggingface.co/BAAI/bge-large-en-v1.5/resolve/main/config.json "HTTP/1.1 307 Temporary Redirect"
2026-07-17 16:27:59,195 - WARNING - Warning: You are sending unauthenticated requests to the HF Hub. Please set a HF_TOKEN to enable higher rate limits and faster downloads.
2026-07-17 16:27:59,205 - INFO - HTTP Request: HEAD https://huggingface.co/api/resolve-cache/models/BAAI/bge-large-en-v1.5/d4aa6901d3a41ba39fb536a557fa166f842b0e09/config.json "HTTP/1.1 200 OK"
2026-07-17 16:27:59,531 - INFO - HTTP Request: HEAD https://huggingface.co/BAAI/bge-large-en-v1.5/resolve/main/tokenizer_config.json "HTTP/1.1 307 Temporary Redirect"
2026-07-17 16:27:59,543 - INFO - HTTP Request: HEAD https://huggingface.co/api/resolve-cache/models/BAAI/bge-large-en-v1.5/d4aa6901d3a41ba39fb536a557fa166f842b0e09/tokenizer_config.json "HTTP/1.1 200 OK"
2026-07-17 16:27:59,773 - INFO - HTTP Request: GET https://huggingface.co/api/models/BAAI/bge-large-en-v1.5/tree/main/additional_chat_templates?recursive=false&expand=false "HTTP/1.1 404 Not Found"
2026-07-17 16:28:00,002 - INFO - HTTP Request: GET https://huggingface.co/api/models/BAAI/bge-large-en-v1.5/tree/main?recursive=true&expand=false "HTTP/1.1 200 OK"
2026-07-17 16:28:00,352 - INFO - HTTP Request: HEAD https://huggingface.co/BAAI/bge-large-en-v1.5/resolve/main/config.json "HTTP/1.1 307 Temporary Redirect"
2026-07-17 16:28:00,386 - INFO - HTTP Request: HEAD https://huggingface.co/api/resolve-cache/models/BAAI/bge-large-en-v1.5/d4aa6901d3a41ba39fb536a557fa166f842b0e09/config.json "HTTP/1.1 200 OK"
2026-07-17 16:28:00,628 - INFO - HTTP Request: HEAD https://huggingface.co/BAAI/bge-large-en-v1.5/resolve/main/config.json "HTTP/1.1 307 Temporary Redirect"
2026-07-17 16:28:00,639 - INFO - HTTP Request: HEAD https://huggingface.co/api/resolve-cache/models/BAAI/bge-large-en-v1.5/d4aa6901d3a41ba39fb536a557fa166f842b0e09/config.json "HTTP/1.1 200 OK"
2026-07-17 16:28:02,284 - INFO - Moved FlagModel to cpu
2026-07-17 16:28:02,437 - INFO - Stage 1 model: 12599296 parameters
2026-07-17 16:28:02,438 - INFO - Stage 2 model: 27297280 parameters
2026-07-17 16:28:02,439 - INFO - ==================================================
2026-07-17 16:28:02,439 - INFO - STAGE 1: Schema-Aware Representation Learning
2026-07-17 16:28:02,439 - INFO - ==================================================
2026-07-17 16:28:02,439 - INFO - Creating Stage 1 dataset from /Users/suhasreddy/Downloads/URASE/data/train_SAR_SA.json
2026-07-17 16:28:03,032 - INFO - 
Stage 1 - Epoch 1/20
2026-07-17 17:37:54,701 - INFO - Train Loss: 0.0002, Train Similarity: 0.8121
2026-07-17 17:37:54,710 - INFO - Val Loss: 0.0001, Val Similarity: 0.8957
2026-07-17 17:37:55,199 - INFO - Saved best Stage 1 model with val loss: 0.0001
2026-07-17 17:37:55,202 - INFO - 
Stage 1 - Epoch 2/20
2026-07-17 18:48:12,939 - INFO - Train Loss: 0.0001, Train Similarity: 0.8950
2026-07-17 18:48:12,944 - INFO - Val Loss: 0.0001, Val Similarity: 0.9132
2026-07-17 18:48:13,326 - INFO - Saved best Stage 1 model with val loss: 0.0001
2026-07-17 18:48:13,327 - INFO - 
Stage 1 - Epoch 3/20
2026-07-17 19:48:17,665 - INFO - Train Loss: 0.0001, Train Similarity: 0.9083
2026-07-17 19:48:17,668 - INFO - Val Loss: 0.0001, Val Similarity: 0.9184
2026-07-17 19:48:18,256 - INFO - Saved best Stage 1 model with val loss: 0.0001
2026-07-17 19:48:18,257 - INFO - 
Stage 1 - Epoch 4/20
2026-07-17 20:50:34,317 - INFO - Train Loss: 0.0001, Train Similarity: 0.9140
2026-07-17 20:50:34,321 - INFO - Val Loss: 0.0001, Val Similarity: 0.9208
2026-07-17 20:50:34,674 - INFO - Saved best Stage 1 model with val loss: 0.0001
2026-07-17 20:50:34,677 - INFO - 
Stage 1 - Epoch 5/20
2026-07-17 21:52:25,207 - INFO - Train Loss: 0.0001, Train Similarity: 0.9172
2026-07-17 21:52:25,211 - INFO - Val Loss: 0.0001, Val Similarity: 0.9224
2026-07-17 21:52:25,586 - INFO - Saved best Stage 1 model with val loss: 0.0001
2026-07-17 21:52:25,586 - INFO - 
Stage 1 - Epoch 6/20
2026-07-17 23:02:29,826 - INFO - Train Loss: 0.0001, Train Similarity: 0.9193
2026-07-17 23:02:29,829 - INFO - Val Loss: 0.0001, Val Similarity: 0.9230
2026-07-17 23:02:30,141 - INFO - Saved best Stage 1 model with val loss: 0.0001
2026-07-17 23:02:30,142 - INFO - 
Stage 1 - Epoch 7/20
2026-07-18 00:30:00,218 - INFO - Train Loss: 0.0001, Train Similarity: 0.9208
2026-07-18 00:30:00,221 - INFO - Val Loss: 0.0001, Val Similarity: 0.9240
2026-07-18 00:30:00,414 - INFO - Saved best Stage 1 model with val loss: 0.0001
2026-07-18 00:30:00,414 - INFO - 
Stage 1 - Epoch 8/20
2026-07-18 04:01:18,331 - INFO - Train Loss: 0.0001, Train Similarity: 0.9219
2026-07-18 04:01:18,334 - INFO - Val Loss: 0.0001, Val Similarity: 0.9246
2026-07-18 04:01:18,401 - INFO - Saved best Stage 1 model with val loss: 0.0001
2026-07-18 04:01:18,401 - INFO - 
Stage 1 - Epoch 9/20
2026-07-18 05:00:12,597 - INFO - Train Loss: 0.0001, Train Similarity: 0.9228
2026-07-18 05:00:12,599 - INFO - Val Loss: 0.0001, Val Similarity: 0.9247
2026-07-18 05:00:12,688 - INFO - Saved best Stage 1 model with val loss: 0.0001
2026-07-18 05:00:12,688 - INFO - 
Stage 1 - Epoch 10/20
2026-07-18 05:59:26,097 - INFO - Train Loss: 0.0001, Train Similarity: 0.9235
2026-07-18 05:59:26,099 - INFO - Val Loss: 0.0001, Val Similarity: 0.9252
2026-07-18 05:59:26,186 - INFO - Saved best Stage 1 model with val loss: 0.0001
2026-07-18 05:59:26,186 - INFO - 
Stage 1 - Epoch 11/20
2026-07-18 06:58:03,194 - INFO - Train Loss: 0.0001, Train Similarity: 0.9242
2026-07-18 06:58:03,196 - INFO - Val Loss: 0.0001, Val Similarity: 0.9255
2026-07-18 06:58:03,296 - INFO - Saved best Stage 1 model with val loss: 0.0001
2026-07-18 06:58:03,296 - INFO - 
Stage 1 - Epoch 12/20
2026-07-18 07:58:41,069 - INFO - Train Loss: 0.0001, Train Similarity: 0.9246
2026-07-18 07:58:41,073 - INFO - Val Loss: 0.0001, Val Similarity: 0.9257
2026-07-18 07:58:41,424 - INFO - Saved best Stage 1 model with val loss: 0.0001
2026-07-18 07:58:41,429 - INFO - 
Stage 1 - Epoch 13/20
2026-07-18 08:59:30,813 - INFO - Train Loss: 0.0001, Train Similarity: 0.9250
2026-07-18 08:59:30,816 - INFO - Val Loss: 0.0001, Val Similarity: 0.9258
2026-07-18 08:59:30,934 - INFO - Saved best Stage 1 model with val loss: 0.0001
2026-07-18 08:59:30,934 - INFO - 
Stage 1 - Epoch 14/20
2026-07-18 10:04:51,920 - INFO - Train Loss: 0.0001, Train Similarity: 0.9254
2026-07-18 10:04:51,922 - INFO - Val Loss: 0.0001, Val Similarity: 0.9259
2026-07-18 10:04:52,246 - INFO - Saved best Stage 1 model with val loss: 0.0001
2026-07-18 10:04:52,246 - INFO - 
Stage 1 - Epoch 15/20
2026-07-18 11:19:10,861 - INFO - Train Loss: 0.0001, Train Similarity: 0.9257
2026-07-18 11:19:10,863 - INFO - Val Loss: 0.0001, Val Similarity: 0.9261
2026-07-18 11:19:11,194 - INFO - Saved best Stage 1 model with val loss: 0.0001
2026-07-18 11:19:11,194 - INFO - 
Stage 1 - Epoch 16/20
2026-07-18 12:20:50,414 - INFO - Train Loss: 0.0001, Train Similarity: 0.9260
2026-07-18 12:20:50,417 - INFO - Val Loss: 0.0001, Val Similarity: 0.9259
2026-07-18 12:20:50,418 - INFO - 
Stage 1 - Epoch 17/20
2026-07-18 13:22:46,970 - INFO - Train Loss: 0.0001, Train Similarity: 0.9262
2026-07-18 13:22:46,971 - INFO - Val Loss: 0.0001, Val Similarity: 0.9263
2026-07-18 13:22:47,220 - INFO - Saved best Stage 1 model with val loss: 0.0001
2026-07-18 13:22:47,220 - INFO - 
Stage 1 - Epoch 18/20
2026-07-18 14:32:00,168 - INFO - Train Loss: 0.0001, Train Similarity: 0.9264
2026-07-18 14:32:00,169 - INFO - Val Loss: 0.0001, Val Similarity: 0.9266
2026-07-18 14:32:00,313 - INFO - Saved best Stage 1 model with val loss: 0.0001
2026-07-18 14:32:00,313 - INFO - 
Stage 1 - Epoch 19/20
2026-07-18 15:37:26,147 - INFO - Train Loss: 0.0001, Train Similarity: 0.9266
2026-07-18 15:37:26,151 - INFO - Val Loss: 0.0001, Val Similarity: 0.9264
2026-07-18 15:37:26,152 - INFO - 
Stage 1 - Epoch 20/20
2026-07-18 16:36:46,535 - INFO - Train Loss: 0.0001, Train Similarity: 0.9268
2026-07-18 16:36:46,536 - INFO - Val Loss: 0.0001, Val Similarity: 0.9266
2026-07-18 16:36:46,840 - INFO - Saved best Stage 1 model with val loss: 0.0001
2026-07-18 16:36:46,840 - INFO - Loading best Stage 1 model for Stage 2 training
2026-07-18 16:36:46,927 - INFO - ==================================================
2026-07-18 16:36:46,927 - INFO - STAGE 2: Contrastive Learning Enhancement
2026-07-18 16:36:46,927 - INFO - ==================================================
2026-07-18 16:36:46,927 - INFO - Creating Stage 2 dataset from /Users/suhasreddy/Downloads/URASE/data/train_SAR_CL.json
2026-07-18 16:36:48,975 - INFO - 
Stage 2 - Epoch 1/15
2026-07-18 19:09:39,752 - INFO - Train Loss: 0.0687 (Contrastive: 0.0139, Similarity: 0.1829)
2026-07-18 19:09:39,756 - INFO - Val Loss: 0.1147 (Contrastive: 0.0816, Similarity: 0.1103)
2026-07-18 19:09:39,757 - INFO - LR: 0.000050
2026-07-18 19:09:41,133 - INFO - Saved best Stage 2 model with val loss: 0.1147
2026-07-18 19:09:41,139 - INFO - 
Stage 2 - Epoch 2/15
2026-07-18 21:25:06,638 - INFO - Train Loss: 0.0564 (Contrastive: 0.0123, Similarity: 0.1469)
2026-07-18 21:25:06,643 - INFO - Val Loss: 0.1034 (Contrastive: 0.0705, Similarity: 0.1096)
2026-07-18 21:25:06,643 - INFO - LR: 0.000050
2026-07-18 21:25:07,200 - INFO - Saved best Stage 2 model with val loss: 0.1034
2026-07-18 21:25:07,201 - INFO - 
Stage 2 - Epoch 3/15
2026-07-18 23:49:47,010 - INFO - Train Loss: 0.0510 (Contrastive: 0.0107, Similarity: 0.1345)
2026-07-18 23:49:47,014 - INFO - Val Loss: 0.1013 (Contrastive: 0.0715, Similarity: 0.0994)
2026-07-18 23:49:47,014 - INFO - LR: 0.000050
2026-07-18 23:49:47,436 - INFO - Saved best Stage 2 model with val loss: 0.1013
2026-07-18 23:49:47,437 - INFO - 
Stage 2 - Epoch 4/15
2026-07-19 02:01:43,351 - INFO - Train Loss: 0.0505 (Contrastive: 0.0112, Similarity: 0.1310)
2026-07-19 02:01:43,356 - INFO - Val Loss: 0.0982 (Contrastive: 0.0692, Similarity: 0.0967)
2026-07-19 02:01:43,356 - INFO - LR: 0.000050
2026-07-19 02:01:43,762 - INFO - Saved best Stage 2 model with val loss: 0.0982
2026-07-19 02:01:43,762 - INFO - 
Stage 2 - Epoch 5/15
2026-07-19 04:12:15,694 - INFO - Train Loss: 0.0488 (Contrastive: 0.0110, Similarity: 0.1261)
2026-07-19 04:12:15,697 - INFO - Val Loss: 0.0986 (Contrastive: 0.0703, Similarity: 0.0943)
2026-07-19 04:12:15,697 - INFO - LR: 0.000050
2026-07-19 04:12:15,697 - INFO - 
Stage 2 - Epoch 6/15
2026-07-19 06:23:14,504 - INFO - Train Loss: 0.0470 (Contrastive: 0.0104, Similarity: 0.1218)
2026-07-19 06:23:14,506 - INFO - Val Loss: 0.0978 (Contrastive: 0.0715, Similarity: 0.0879)
2026-07-19 06:23:14,506 - INFO - LR: 0.000050
2026-07-19 06:23:14,914 - INFO - Saved best Stage 2 model with val loss: 0.0978
2026-07-19 06:23:14,914 - INFO - 
Stage 2 - Epoch 7/15
2026-07-19 08:50:35,265 - INFO - Train Loss: 0.0453 (Contrastive: 0.0102, Similarity: 0.1170)
2026-07-19 08:50:35,267 - INFO - Val Loss: 0.0932 (Contrastive: 0.0653, Similarity: 0.0931)
2026-07-19 08:50:35,267 - INFO - LR: 0.000050
2026-07-19 08:50:36,001 - INFO - Saved best Stage 2 model with val loss: 0.0932
2026-07-19 08:50:36,006 - INFO - 
Stage 2 - Epoch 8/15
2026-07-19 11:21:35,864 - INFO - Train Loss: 0.0450 (Contrastive: 0.0102, Similarity: 0.1159)
2026-07-19 11:21:35,867 - INFO - Val Loss: 0.0972 (Contrastive: 0.0719, Similarity: 0.0844)
2026-07-19 11:21:35,867 - INFO - LR: 0.000050
2026-07-19 11:21:35,868 - INFO - 
Stage 2 - Epoch 9/15
2026-07-19 13:50:42,726 - INFO - Train Loss: 0.0439 (Contrastive: 0.0100, Similarity: 0.1129)
2026-07-19 13:50:42,729 - INFO - Val Loss: 0.0916 (Contrastive: 0.0660, Similarity: 0.0854)
2026-07-19 13:50:42,730 - INFO - LR: 0.000050
2026-07-19 13:50:43,358 - INFO - Saved best Stage 2 model with val loss: 0.0916
2026-07-19 13:50:43,366 - INFO - 
Stage 2 - Epoch 10/15
2026-07-19 16:28:16,873 - INFO - Train Loss: 0.0425 (Contrastive: 0.0094, Similarity: 0.1101)
2026-07-19 16:28:16,876 - INFO - Val Loss: 0.1030 (Contrastive: 0.0790, Similarity: 0.0797)
2026-07-19 16:28:16,877 - INFO - LR: 0.000050
2026-07-19 16:28:16,878 - INFO - 
Stage 2 - Epoch 11/15
2026-07-19 18:42:00,266 - INFO - Train Loss: 0.0393 (Contrastive: 0.0090, Similarity: 0.1009)
2026-07-19 18:42:00,270 - INFO - Val Loss: 0.0907 (Contrastive: 0.0686, Similarity: 0.0737)
2026-07-19 18:42:00,273 - INFO - LR: 0.000005
2026-07-19 18:42:01,786 - INFO - Saved best Stage 2 model with val loss: 0.0907
2026-07-19 18:42:01,789 - INFO - 
Stage 2 - Epoch 12/15
2026-07-19 21:09:06,494 - INFO - Train Loss: 0.0376 (Contrastive: 0.0086, Similarity: 0.0966)
2026-07-19 21:09:06,498 - INFO - Val Loss: 0.0907 (Contrastive: 0.0687, Similarity: 0.0734)
2026-07-19 21:09:06,499 - INFO - LR: 0.000005
2026-07-19 21:09:06,501 - INFO - 
Stage 2 - Epoch 13/15
2026-07-19 23:36:34,462 - INFO - Train Loss: 0.0374 (Contrastive: 0.0089, Similarity: 0.0953)
2026-07-19 23:36:34,465 - INFO - Val Loss: 0.0874 (Contrastive: 0.0657, Similarity: 0.0726)
2026-07-19 23:36:34,465 - INFO - LR: 0.000005
2026-07-19 23:36:35,232 - INFO - Saved best Stage 2 model with val loss: 0.0874
2026-07-19 23:36:35,233 - INFO - 
Stage 2 - Epoch 14/15
2026-07-20 01:47:34,710 - INFO - Train Loss: 0.0366 (Contrastive: 0.0085, Similarity: 0.0939)
2026-07-20 01:47:34,712 - INFO - Val Loss: 0.0880 (Contrastive: 0.0658, Similarity: 0.0741)
2026-07-20 01:47:34,713 - INFO - LR: 0.000005
2026-07-20 01:47:34,713 - INFO - 
Stage 2 - Epoch 15/15
2026-07-20 03:54:20,532 - INFO - Train Loss: 0.0363 (Contrastive: 0.0086, Similarity: 0.0923)
2026-07-20 03:54:20,534 - INFO - Val Loss: 0.0908 (Contrastive: 0.0700, Similarity: 0.0694)
2026-07-20 03:54:20,534 - INFO - LR: 0.000005
2026-07-20 03:54:23,691 - INFO - ==================================================
2026-07-20 03:54:23,692 - INFO - TRAINING COMPLETED
2026-07-20 03:54:23,692 - INFO - ==================================================
2026-07-20 03:54:23,692 - INFO - Best Stage 1 model saved at: ./SAR/models/best_schema_aware_model.pth
2026-07-20 03:54:23,692 - INFO - Best Stage 2 model saved at: ./SAR/models/best_contrastive_model.pth
2026-07-20 03:54:23,692 - INFO - Final Stage 1 model saved at: ./SAR/models/best_schema_aware_model_final.pth
2026-07-20 03:54:23,692 - INFO - Final Stage 2 model saved at: ./SAR/models/best_contrastive_model_final.pth
2026-07-20 03:54:23,692 - INFO - Training plots saved in: ./training_plots
