2026-07-17 15:36:21,579 - INFO - Starting unified training pipeline
2026-07-17 15:36:21,579 - INFO - Using device: cpu
2026-07-17 15:36:21,582 - INFO - Loading embedding model from BAAI/bge-large-en-v1.5
2026-07-17 15:36:21,949 - INFO - HTTP Request: HEAD https://huggingface.co/BAAI/bge-large-en-v1.5/resolve/main/config.json "HTTP/1.1 307 Temporary Redirect"
2026-07-17 15:36:21,950 - WARNING - Warning: You are sending unauthenticated requests to the HF Hub. Please set a HF_TOKEN to enable higher rate limits and faster downloads.
2026-07-17 15:36:21,957 - INFO - HTTP Request: HEAD https://huggingface.co/api/resolve-cache/models/BAAI/bge-large-en-v1.5/d4aa6901d3a41ba39fb536a557fa166f842b0e09/config.json "HTTP/1.1 200 OK"
2026-07-17 15:36:22,187 - INFO - HTTP Request: HEAD https://huggingface.co/BAAI/bge-large-en-v1.5/resolve/main/tokenizer_config.json "HTTP/1.1 307 Temporary Redirect"
2026-07-17 15:36:22,197 - INFO - HTTP Request: HEAD https://huggingface.co/api/resolve-cache/models/BAAI/bge-large-en-v1.5/d4aa6901d3a41ba39fb536a557fa166f842b0e09/tokenizer_config.json "HTTP/1.1 200 OK"
2026-07-17 15:36:22,428 - INFO - HTTP Request: GET https://huggingface.co/api/models/BAAI/bge-large-en-v1.5/tree/main/additional_chat_templates?recursive=false&expand=false "HTTP/1.1 404 Not Found"
2026-07-17 15:36:22,739 - INFO - HTTP Request: GET https://huggingface.co/api/models/BAAI/bge-large-en-v1.5/tree/main?recursive=true&expand=false "HTTP/1.1 200 OK"
2026-07-17 15:36:22,996 - INFO - HTTP Request: HEAD https://huggingface.co/BAAI/bge-large-en-v1.5/resolve/main/config.json "HTTP/1.1 307 Temporary Redirect"
2026-07-17 15:36:23,006 - INFO - HTTP Request: HEAD https://huggingface.co/api/resolve-cache/models/BAAI/bge-large-en-v1.5/d4aa6901d3a41ba39fb536a557fa166f842b0e09/config.json "HTTP/1.1 200 OK"
2026-07-17 15:36:23,269 - INFO - HTTP Request: HEAD https://huggingface.co/BAAI/bge-large-en-v1.5/resolve/main/config.json "HTTP/1.1 307 Temporary Redirect"
2026-07-17 15:36:23,280 - INFO - HTTP Request: HEAD https://huggingface.co/api/resolve-cache/models/BAAI/bge-large-en-v1.5/d4aa6901d3a41ba39fb536a557fa166f842b0e09/config.json "HTTP/1.1 200 OK"
2026-07-17 15:36:26,408 - WARNING - CUDA is not available; FlagModel will stay on CPU
2026-07-17 15:36:26,622 - INFO - Stage 1 model: 12599296 parameters
2026-07-17 15:36:26,622 - INFO - Stage 2 model: 27297280 parameters
2026-07-17 15:36:26,624 - INFO - ==================================================
2026-07-17 15:36:26,624 - INFO - STAGE 1: Schema-Aware Representation Learning
2026-07-17 15:36:26,624 - INFO - ==================================================
2026-07-17 15:36:26,624 - INFO - Creating Stage 1 dataset from /Users/suhasreddy/Downloads/URASE/data/train_SAR_SA.json
2026-07-17 15:36:27,277 - INFO - 
Stage 1 - Epoch 1/20
