2026-07-17 11:40:59,362 - INFO - Starting unified training pipeline
2026-07-17 11:40:59,362 - INFO - Using device: cpu
2026-07-17 11:40:59,365 - INFO - Loading embedding model from BAAI/bge-large-en-v1.5
2026-07-17 11:40:59,820 - INFO - HTTP Request: HEAD https://huggingface.co/BAAI/bge-large-en-v1.5/resolve/main/config.json "HTTP/1.1 307 Temporary Redirect"
2026-07-17 11:40:59,822 - WARNING - Warning: You are sending unauthenticated requests to the HF Hub. Please set a HF_TOKEN to enable higher rate limits and faster downloads.
2026-07-17 11:40:59,834 - INFO - HTTP Request: HEAD https://huggingface.co/api/resolve-cache/models/BAAI/bge-large-en-v1.5/d4aa6901d3a41ba39fb536a557fa166f842b0e09/config.json "HTTP/1.1 200 OK"
2026-07-17 11:41:00,088 - INFO - HTTP Request: HEAD https://huggingface.co/BAAI/bge-large-en-v1.5/resolve/main/tokenizer_config.json "HTTP/1.1 307 Temporary Redirect"
2026-07-17 11:41:00,102 - INFO - HTTP Request: HEAD https://huggingface.co/api/resolve-cache/models/BAAI/bge-large-en-v1.5/d4aa6901d3a41ba39fb536a557fa166f842b0e09/tokenizer_config.json "HTTP/1.1 200 OK"
2026-07-17 11:41:00,338 - INFO - HTTP Request: GET https://huggingface.co/api/models/BAAI/bge-large-en-v1.5/tree/main/additional_chat_templates?recursive=false&expand=false "HTTP/1.1 404 Not Found"
2026-07-17 11:41:00,566 - INFO - HTTP Request: GET https://huggingface.co/api/models/BAAI/bge-large-en-v1.5/tree/main?recursive=true&expand=false "HTTP/1.1 200 OK"
2026-07-17 11:41:00,849 - INFO - HTTP Request: HEAD https://huggingface.co/BAAI/bge-large-en-v1.5/resolve/main/config.json "HTTP/1.1 307 Temporary Redirect"
2026-07-17 11:41:00,858 - INFO - HTTP Request: HEAD https://huggingface.co/api/resolve-cache/models/BAAI/bge-large-en-v1.5/d4aa6901d3a41ba39fb536a557fa166f842b0e09/config.json "HTTP/1.1 200 OK"
2026-07-17 11:41:01,086 - INFO - HTTP Request: HEAD https://huggingface.co/BAAI/bge-large-en-v1.5/resolve/main/config.json "HTTP/1.1 307 Temporary Redirect"
2026-07-17 11:41:01,098 - INFO - HTTP Request: HEAD https://huggingface.co/api/resolve-cache/models/BAAI/bge-large-en-v1.5/d4aa6901d3a41ba39fb536a557fa166f842b0e09/config.json "HTTP/1.1 200 OK"
2026-07-17 11:41:03,833 - INFO - Stage 1 model: 12599296 parameters
2026-07-17 11:41:03,834 - INFO - Stage 2 model: 27297280 parameters
2026-07-17 11:41:03,835 - INFO - ==================================================
2026-07-17 11:41:03,835 - INFO - STAGE 1: Schema-Aware Representation Learning
2026-07-17 11:41:03,835 - INFO - ==================================================
2026-07-17 11:41:03,835 - INFO - Creating Stage 1 dataset from /Users/suhasreddy/Downloads/URASE/data/train_SAR_SA.json
