2026-07-17 10:12:56,978 - INFO - Starting unified training pipeline
2026-07-17 10:12:56,979 - INFO - Using device: cpu
2026-07-17 10:12:56,981 - INFO - Loading embedding model from BAAI/bge-large-en-v1.5
2026-07-17 10:12:57,445 - INFO - HTTP Request: HEAD https://huggingface.co/BAAI/bge-large-en-v1.5/resolve/main/config.json "HTTP/1.1 307 Temporary Redirect"
2026-07-17 10:12:57,447 - WARNING - Warning: You are sending unauthenticated requests to the HF Hub. Please set a HF_TOKEN to enable higher rate limits and faster downloads.
2026-07-17 10:12:57,456 - INFO - HTTP Request: HEAD https://huggingface.co/api/resolve-cache/models/BAAI/bge-large-en-v1.5/d4aa6901d3a41ba39fb536a557fa166f842b0e09/config.json "HTTP/1.1 200 OK"
2026-07-17 10:12:57,470 - INFO - HTTP Request: GET https://huggingface.co/api/resolve-cache/models/BAAI/bge-large-en-v1.5/d4aa6901d3a41ba39fb536a557fa166f842b0e09/config.json "HTTP/1.1 200 OK"
2026-07-17 10:12:57,809 - INFO - HTTP Request: HEAD https://huggingface.co/BAAI/bge-large-en-v1.5/resolve/main/tokenizer_config.json "HTTP/1.1 307 Temporary Redirect"
2026-07-17 10:12:57,821 - INFO - HTTP Request: HEAD https://huggingface.co/api/resolve-cache/models/BAAI/bge-large-en-v1.5/d4aa6901d3a41ba39fb536a557fa166f842b0e09/tokenizer_config.json "HTTP/1.1 200 OK"
2026-07-17 10:12:57,834 - INFO - HTTP Request: GET https://huggingface.co/api/resolve-cache/models/BAAI/bge-large-en-v1.5/d4aa6901d3a41ba39fb536a557fa166f842b0e09/tokenizer_config.json "HTTP/1.1 200 OK"
2026-07-17 10:12:58,064 - INFO - HTTP Request: GET https://huggingface.co/api/models/BAAI/bge-large-en-v1.5/tree/main/additional_chat_templates?recursive=false&expand=false "HTTP/1.1 404 Not Found"
2026-07-17 10:12:58,392 - INFO - HTTP Request: GET https://huggingface.co/api/models/BAAI/bge-large-en-v1.5/tree/main?recursive=true&expand=false "HTTP/1.1 200 OK"
2026-07-17 10:12:58,647 - INFO - HTTP Request: HEAD https://huggingface.co/BAAI/bge-large-en-v1.5/resolve/main/vocab.txt "HTTP/1.1 307 Temporary Redirect"
2026-07-17 10:12:58,657 - INFO - HTTP Request: HEAD https://huggingface.co/api/resolve-cache/models/BAAI/bge-large-en-v1.5/d4aa6901d3a41ba39fb536a557fa166f842b0e09/vocab.txt "HTTP/1.1 200 OK"
2026-07-17 10:12:58,679 - INFO - HTTP Request: GET https://huggingface.co/api/resolve-cache/models/BAAI/bge-large-en-v1.5/d4aa6901d3a41ba39fb536a557fa166f842b0e09/vocab.txt "HTTP/1.1 200 OK"
2026-07-17 10:12:58,945 - INFO - HTTP Request: HEAD https://huggingface.co/BAAI/bge-large-en-v1.5/resolve/main/tokenizer.json "HTTP/1.1 307 Temporary Redirect"
2026-07-17 10:12:58,956 - INFO - HTTP Request: HEAD https://huggingface.co/api/resolve-cache/models/BAAI/bge-large-en-v1.5/d4aa6901d3a41ba39fb536a557fa166f842b0e09/tokenizer.json "HTTP/1.1 200 OK"
2026-07-17 10:12:58,968 - INFO - HTTP Request: GET https://huggingface.co/api/resolve-cache/models/BAAI/bge-large-en-v1.5/d4aa6901d3a41ba39fb536a557fa166f842b0e09/tokenizer.json "HTTP/1.1 200 OK"
2026-07-17 10:12:59,226 - INFO - HTTP Request: HEAD https://huggingface.co/BAAI/bge-large-en-v1.5/resolve/main/added_tokens.json "HTTP/1.1 404 Not Found"
2026-07-17 10:12:59,449 - INFO - HTTP Request: HEAD https://huggingface.co/BAAI/bge-large-en-v1.5/resolve/main/special_tokens_map.json "HTTP/1.1 307 Temporary Redirect"
2026-07-17 10:12:59,460 - INFO - HTTP Request: HEAD https://huggingface.co/api/resolve-cache/models/BAAI/bge-large-en-v1.5/d4aa6901d3a41ba39fb536a557fa166f842b0e09/special_tokens_map.json "HTTP/1.1 200 OK"
2026-07-17 10:12:59,476 - INFO - HTTP Request: GET https://huggingface.co/api/resolve-cache/models/BAAI/bge-large-en-v1.5/d4aa6901d3a41ba39fb536a557fa166f842b0e09/special_tokens_map.json "HTTP/1.1 200 OK"
2026-07-17 10:12:59,700 - INFO - HTTP Request: HEAD https://huggingface.co/BAAI/bge-large-en-v1.5/resolve/main/chat_template.jinja "HTTP/1.1 404 Not Found"
2026-07-17 10:12:59,982 - INFO - HTTP Request: HEAD https://huggingface.co/BAAI/bge-large-en-v1.5/resolve/main/config.json "HTTP/1.1 307 Temporary Redirect"
2026-07-17 10:12:59,991 - INFO - HTTP Request: HEAD https://huggingface.co/api/resolve-cache/models/BAAI/bge-large-en-v1.5/d4aa6901d3a41ba39fb536a557fa166f842b0e09/config.json "HTTP/1.1 200 OK"
2026-07-17 10:13:00,226 - INFO - HTTP Request: HEAD https://huggingface.co/BAAI/bge-large-en-v1.5/resolve/main/adapter_config.json "HTTP/1.1 404 Not Found"
2026-07-17 10:13:00,671 - INFO - HTTP Request: HEAD https://huggingface.co/BAAI/bge-large-en-v1.5/resolve/main/config.json "HTTP/1.1 307 Temporary Redirect"
2026-07-17 10:13:00,682 - INFO - HTTP Request: HEAD https://huggingface.co/api/resolve-cache/models/BAAI/bge-large-en-v1.5/d4aa6901d3a41ba39fb536a557fa166f842b0e09/config.json "HTTP/1.1 200 OK"
2026-07-17 10:13:00,951 - INFO - HTTP Request: HEAD https://huggingface.co/BAAI/bge-large-en-v1.5/resolve/main/model.safetensors "HTTP/1.1 302 Found"
2026-07-17 10:15:44,258 - INFO - Stage 1 model: 12599296 parameters
2026-07-17 10:15:44,259 - INFO - Stage 2 model: 27297280 parameters
2026-07-17 10:15:44,380 - INFO - ==================================================
2026-07-17 10:15:44,380 - INFO - STAGE 1: Schema-Aware Representation Learning
2026-07-17 10:15:44,380 - INFO - ==================================================
2026-07-17 10:15:44,381 - INFO - Creating Stage 1 dataset from /Users/suhasreddy/Downloads/URASE/data/train_SAR_SA.json
